---
source: src/core/generator/from_proto.rs
expression: config
---
schema @server @upstream {
  query: Query
}

input google__protobuf__DurationInput @tag(id: "google.protobuf.Duration") {
  nanos: Int
  seconds: Int
}

input google__protobuf__Int32ValueInput @tag(id: "google.protobuf.Int32Value") {
  value: Int
}

input google__protobuf__StringValue @tag(id: "google.protobuf.StringValue") {
  value: String
}

input google__protobuf__TimestampInput @tag(id: "google.protobuf.Timestamp") {
  nanos: Int
  seconds: Int
}

input movies__MovieInput @tag(id: "movies.Movie") {
  cast: [String]!
  duration: google__protobuf__DurationInput
  genre: movies__GenreInput
  name: String
  rating: Float
  time: google__protobuf__TimestampInput
  year: google__protobuf__Int32ValueInput
}

input movies__MovieRequest @tag(id: "movies.MovieRequest") {
  movie: movies__MovieInput
}

input movies__SearchByCastRequest @tag(id: "movies.SearchByCastRequest") {
  castName: google__protobuf__StringValue
}

enum movies__Genre {
  ACTION
  DRAMA
  UNSPECIFIED
}

type Query {
  movies__AnotherExample__GetMovies(movieRequest: movies__MovieRequest!): movies__MoviesResult! @grpc(body: "{{.args.movieRequest}}", method: "movies.AnotherExample.GetMovies")
  movies__AnotherExample__SearchMoviesByCast(searchByCastRequest: movies__SearchByCastRequest!): movies__Movie! @grpc(body: "{{.args.searchByCastRequest}}", method: "movies.AnotherExample.SearchMoviesByCast")
  movies__Example__GetMovies(movieRequest: movies__MovieRequest!): movies__MoviesResult! @grpc(body: "{{.args.movieRequest}}", method: "movies.Example.GetMovies")
  movies__Example__SearchMoviesByCast(searchByCastRequest: movies__SearchByCastRequest!): movies__Movie! @grpc(body: "{{.args.searchByCastRequest}}", method: "movies.Example.SearchMoviesByCast")
}

type google__protobuf__Duration @tag(id: "google.protobuf.Duration") {
  nanos: Int
  seconds: Int
}

type google__protobuf__Int32Value @tag(id: "google.protobuf.Int32Value") {
  value: Int
}

type google__protobuf__Timestamp @tag(id: "google.protobuf.Timestamp") {
  nanos: Int
  seconds: Int
}

type movies__Movie @tag(id: "movies.Movie") {
  cast: [String]!
  duration: google__protobuf__Duration
  genre: movies__Genre
  name: String
  rating: Float
  time: google__protobuf__Timestamp
  year: google__protobuf__Int32Value
}

type movies__MoviesResult @tag(id: "movies.MoviesResult") {
  result: [movies__Movie]!
}
